export const snapshot = {};

snapshot[`\$0 = \$.option(\$.object([ "val", \$.u8 ], [ "next", \$.deferred(() => \$0) ])) undefined 1`] = `00`;

snapshot[`\$0 = \$.option(\$.object([ "val", \$.u8 ], [ "next", \$.deferred(() => \$0) ])) { val: 1, next: undefined } 1`] = `
01
01
00
`;

snapshot[`\$0 = \$.option(\$.object([ "val", \$.u8 ], [ "next", \$.deferred(() => \$0) ])) { val: 1, next: { val: 2, next: { val: 3, next: undefined } } } 1`] = `
01
01
01
02
01
03
00
`;
