export const snapshot = {};

snapshot[`\$.set(\$.u8) Set {} 1`] = `00`;

snapshot[`\$.set(\$.u8) Set { 0, 2, 4, 8 } 1`] = `
10
00
02
04
08
`;

snapshot[`\$.set(\$.u8) Set { 2, 3, 5, 7 } 1`] = `
10
02
03
05
07
`;

snapshot[`\$.map(\$.str, \$.u8) Map {} 1`] = `00`;

snapshot[`\$.map(\$.str, \$.u8) Map { "0" => 0, "1" => 1 } 1`] = `
08
04
30
00
04
31
01
`;

snapshot[`\$.map(\$.str, \$.u8) Map { "2^0" => 0, "2^1" => 2, "2^2" => 4, "2^3" => 8, "2^4" => 16 } 1`] = `
14
0c
32
5e
30
00
0c
32
5e
31
02
0c
32
5e
32
04
0c
32
5e
33
08
0c
32
5e
34
10
`;

snapshot[`\$iterableArray [] 1`] = `00`;

snapshot[`\$iterableArray [ 0, 2, 4, 8 ] 1`] = `
10
00
02
04
08
`;

snapshot[`\$iterableArray [ 2, 3, 5, 7 ] 1`] = `
10
02
03
05
07
`;
