export const snapshot = {};

snapshot[`\$.option(\$.never, undefined) undefined 1`] = `00`;

snapshot[`\$.never invalid null 1`] = `ScaleAssertError: value: Cannot validate \$.never`;

snapshot[`\$.never invalid 0 1`] = `ScaleAssertError: value: Cannot validate \$.never`;

snapshot[`\$.option(\$.never, undefined) invalid null 1`] = `ScaleAssertError: value: Cannot validate \$.never`;

snapshot[`\$.option(\$.never, undefined) invalid 0 1`] = `ScaleAssertError: value: Cannot validate \$.never`;
