export const snapshot = {};

snapshot[`\$.spread(
  \$.taggedUnion("_tag", [ [ "a" ], [ "b", [Array] ] ]),
  \$.object([ "bar", \$.u8 ])
) { _tag: "a", bar: 123 } 1`] = `
00
7b
`;

snapshot[`\$.spread(
  \$.taggedUnion("_tag", [ [ "a" ], [ "b", [Array] ] ]),
  \$.object([ "bar", \$.u8 ])
) { _tag: "b", x: 0, bar: 123 } 1`] = `
01
00
7b
`;
