export const snapshot = {};

snapshot[`union { _tag: "A" } 1`] = `00`;

snapshot[`union { _tag: "B", B: "HELLO" } 1`] = `
01
14
48
45
4c
4c
4f
`;

snapshot[`union { _tag: "C", C: [ 255, 101010101n ] } 1`] = `
02
ff
00
00
00
b5
4a
05
06
00
00
00
00
`;

snapshot[`union { _tag: "D", a: 101, b: 999n } 1`] = `
03
65
00
00
00
e7
03
00
00
00
00
00
00
`;
